10--20--15 
102015 
0.586000<>10.450000<>159.546000<>3.145561 
0.586000;10.450000;159.546000;3.145561 
DES/GTRV/AADDEGG 
DES GTRV AADDEGG 
T-h-e-V-a-l-e-u-r 
H*e*r*e*I*s*A*N*e*w*V*a*l*u*e 
H-e-r-e-I-s-A-N-e-w-V-a-l-u-e
