Display my name: mickael !
Get the 'gre' value It is 547
Same thing with a double My double is 0.156844
--------
Now with array
value for int is 15
value for double is 159.546000
value for string is AADDEGG
