1587 - 15.500000
121.000000000000 - 15.200000
121.591800000000 - 
 - 00015684

