Test if statement

This text must appear with value 0.156844 

