Essai title
Test Title Second One
Test Title Second One
Fin de test 

