Hello? - Foo!
15 - 00015684
121.651000000000 - 0.168400
