
dfdsg
-
This is user 
-
This is user 
-
This is user 

dfdsg
