Display of array direclty
double: [0.586000, 10.450000, 159.546000, 3.145561]
string: [u'dana', u'bob', u'john']
int: [10, 20, 15]
---
