
 active else TheValeur

--> loop here 0 and 1

--> loop here 1 and 2

--> loop here 2 and 3

--> loop here 3 and 4

--> loop here 4 and 5


TOTO
