-
This is user dana
-
This is user bob
-
This is user john

dfdsg
