1--2--3--50 
12350 
1 mickael 3 58.900000 testt 0 
