Replace with a fixed specific string
for example {{ or }}
Or also
for example {{ or }}
