Test if statement

This text must appear with value 0.156844 

mlcdkmlsfk

User exists dana


It seems not exist !!

