
 -- condition 1 ok --


--> condition 2 ok --


--> condition 3 ok -->


--> condition 4 ok -->


--> condition 5 ok -->


--> condition 6 ok -->

