---- first essai ---------
dana
bob
john

---- 2 nd essai ---------
danabobjohn
---- 3 rd essai ---------

    dana
    bob
    john
---
