[1, 2, 3, 4]
(8, 9, 40, 5.500000, 10.200000)
[1, 'mickael', 5, 10]
[150, 'test', 5.500000]


