Essai avec des constantes
une addition 11 == 11
un autre calcul 11 == 11
un double 90.876240 == 90.87624

